// Jest Snapshot v1, https://goo.gl/fbAQLP

exports[`<SimplePostListing /> should render 1`] = `
<DocumentFragment>
  .c1 {
  -webkit-text-decoration: none;
  text-decoration: none;
  color: black;
}

.c1 h4 {
  margin: 0 auto;
}

.c1 div {
  font-size: .8rem;
}

.c0 {
  list-style: none;
  margin-left: 0;
  padding-left: 0;
}

.c0 li {
  margin-bottom: .25rem;
  padding: .7rem;
}

.c0 li:hover {
  -webkit-transform: translateY(-3px);
  -ms-transform: translateY(-3px);
  transform: translateY(-3px);
  -webkit-transition: ease .3s;
  transition: ease .3s;
}

.c0 a {
  color: black;
}

.c2 {
  padding-right: .5rem;
}

<div>
    <h3>
      Blog Posts
    </h3>
    <ul
      class="c0"
    >
      <a
        aria-label="See post: Adding a Project Section to My Website"
        class="c1"
        href="/adding-project-section-to-website/"
      >
        <li>
          <h4>
            Adding a Project Section to My Website
          </h4>
          <div>
            <span
              class="c2"
            >
              11 May, 2019
            </span>
            <span>
              2 mins read
            </span>
          </div>
        </li>
      </a>
      <a
        aria-label="See post: State Management using React Hooks"
        class="c1"
        href="/state-management-react-hooks/"
      >
        <li>
          <h4>
            State Management using React Hooks
          </h4>
          <div>
            <span
              class="c2"
            >
              02 May, 2019
            </span>
            <span>
              4 mins read
            </span>
          </div>
        </li>
      </a>
      <a
        aria-label="See post: Build A Super Customized and Performant Blog"
        class="c1"
        href="/build-super-customized-performant-blog/"
      >
        <li>
          <h4>
            Build A Super Customized and Performant Blog
          </h4>
          <div>
            <span
              class="c2"
            >
              21 February, 2019
            </span>
            <span>
              3 mins read
            </span>
          </div>
        </li>
      </a>
    </ul>
  </div>
</DocumentFragment>
`;
