// Jest Snapshot v1, https://goo.gl/fbAQLP

exports[`<ProjectListing /> should render 1`] = `
<DocumentFragment>
  <div
    class="[object Object] sc-bxivhb nYNVZ"
  >
    <h1>
      List of Projects
    </h1>
    <div
      class="sc-htpNat cDaIEp"
    >
      <a
        aria-label="See Condo Landing Pages"
        class="sc-bwzfXH kTyWdp"
        href="/projects/condo-landing-pages/"
      >
        <h3>
          Condo Landing Pages
        </h3>
        <div
          class="sc-bdVaJa cBDXGb gatsby-image-wrapper"
          style="position: relative; overflow: hidden;"
        >
          <div
            style="width: 100%; padding-bottom: 100%;"
          />
          <picture>
            <source
              sizes=""
              srcset=""
            />
            <img
              alt="Condo Landing Pages"
              loading="lazy"
              sizes=""
              src=""
              srcset=""
              style="position: absolute; top: 0px; left: 0px; width: 100%; height: 100%; object-fit: cover; object-position: center; opacity: 0; transition: opacity 500ms;"
            />
          </picture>
          <noscript>
            &lt;picture&gt;&lt;source srcset="" /&gt;&lt;img loading="lazy" src="" alt="Condo Landing Pages" style="position:absolute;top:0;left:0;opacity:1;width:100%;height:100%;object-fit:cover;object-position:center"/&gt;&lt;/picture&gt;
          </noscript>
        </div>
        <p>
          An automated process for building fast, responsive landing pages for pre-construction condos.
        </p>
      </a>
    </div>
    <div
      class="sc-htpNat cDaIEp"
    >
      <a
        aria-label="See Kitchen Quoter"
        class="sc-bwzfXH kTyWdp"
        href="/projects/kitchen-quoter/"
      >
        <h3>
          Kitchen Quoter
        </h3>
        <div
          class="sc-bdVaJa cBDXGb gatsby-image-wrapper"
          style="position: relative; overflow: hidden;"
        >
          <div
            style="width: 100%; padding-bottom: 100%;"
          />
          <picture>
            <source
              sizes=""
              srcset=""
            />
            <img
              alt="Kitchen Quoter"
              loading="lazy"
              sizes=""
              src=""
              srcset=""
              style="position: absolute; top: 0px; left: 0px; width: 100%; height: 100%; object-fit: cover; object-position: center; opacity: 0; transition: opacity 500ms;"
            />
          </picture>
          <noscript>
            &lt;picture&gt;&lt;source srcset="" /&gt;&lt;img loading="lazy" src="" alt="Kitchen Quoter" style="position:absolute;top:0;left:0;opacity:1;width:100%;height:100%;object-fit:cover;object-position:center"/&gt;&lt;/picture&gt;
          </noscript>
        </div>
        <p>
          A do-it-yourself calculator that generates dollar quotes based on user-specified fields and formula.
        </p>
      </a>
    </div>
  </div>
</DocumentFragment>
`;
