// Jest Snapshot v1, https://goo.gl/fbAQLP

exports[`<TagListing /> should render 1`] = `
<DocumentFragment>
  <div>
    <h5
      class="sc-bxivhb gvTtOs"
    >
      Tags
    </h5>
    <div
      class="sc-bdVaJa bSrzPW"
    >
      <span
        class="sc-bwzfXH bipwci"
        role="link"
        tabindex="0"
      >
        Experience
        <span
          class="sc-htpNat ixabce"
        >
          1
        </span>
      </span>
      <span
        class="sc-bwzfXH bipwci"
        role="link"
        tabindex="0"
      >
        Guide
        <span
          class="sc-htpNat ixabce"
        >
          2
        </span>
      </span>
    </div>
  </div>
</DocumentFragment>
`;
