// Jest Snapshot v1, https://goo.gl/fbAQLP

exports[`<SimpleLinkListing /> should render 1`] = `
<DocumentFragment>
  .c0 {
  list-style: none;
  margin-left: 0;
  padding-left: 0;
}

.c0 li {
  margin-bottom: .25em;
  box-shadow: 0 4px 8px 0 rgba(0,0,0,0.2);
  padding: .7em;
  border-radius: 5px;
}

.c0 li:hover {
  -webkit-transform: translateY(-3px);
  -ms-transform: translateY(-3px);
  transform: translateY(-3px);
  -webkit-transition: ease .3s;
  transition: ease .3s;
}

.c0 a {
  color: black;
}

<div>
    <h3>
      Links
    </h3>
    <ul
      class="c0"
    >
      <a
        aria-label="ex. CharismaCondos.net"
        href="https://dgftd2qqywjy1.cloudfront.net"
        rel="noopener noreferrer"
        target="_blank"
      >
        <li>
          ex. CharismaCondos.net
        </li>
      </a>
      <a
        aria-label="ex. SouthWoodbridge.com"
        href="https://d1n2vqbqyes277.cloudfront.net"
        rel="noopener noreferrer"
        target="_blank"
      >
        <li>
          ex. SouthWoodbridge.com
        </li>
      </a>
      <a
        aria-label="Github Code"
        href="https://github.com/rajjeet/charismacondos"
        rel="noopener noreferrer"
        target="_blank"
      >
        <li>
          Github Code
        </li>
      </a>
    </ul>
  </div>
</DocumentFragment>
`;
