// Jest Snapshot v1, https://goo.gl/fbAQLP

exports[`<CategoryListing /> should render 1`] = `
<DocumentFragment>
  .c1 {
  display: inline-block;
}

.c2 {
  padding: .2em .55em;
  margin-right: .5em;
  margin-bottom: .5em;
  box-shadow: 0 4px 4px 0 rgba(0,0,0,0.15);
  display: inline-block;
  border-radius: 5px;
  color: white;
  font-weight: bolder;
  font-size: .8em;
  background-color: #2185d0;
}

.c2:hover {
  box-shadow: 0 4px 9px 0 rgba(0,0,0,0.6);
  -webkit-transform: translateY(-2px);
  -ms-transform: translateY(-2px);
  transform: translateY(-2px);
  -webkit-transition: ease .3s;
  transition: ease .3s;
  cursor: pointer;
}

.c3 {
  margin-left: 1em;
}

.c0 {
  margin: .5em auto;
}

<div
    class=""
  >
    <h5
      class="c0"
    >
      Categories
    </h5>
    <div
      class="c1"
    >
      <span
        class="c2"
        role="link"
        tabindex="0"
      >
        Experience
        <span
          class="c3"
        >
          1
        </span>
      </span>
      <span
        class="c2"
        role="link"
        tabindex="0"
      >
        Guide
        <span
          class="c3"
        >
          2
        </span>
      </span>
    </div>
  </div>
</DocumentFragment>
`;
