// Jest Snapshot v1, https://goo.gl/fbAQLP

exports[`<TechStackTagListing /> should render 1`] = `
<DocumentFragment>
  <div
    class="sc-bdVaJa tbeKX"
  >
    <span>
      Tech Tags:
    </span>
    <div
      class="sc-bwzfXH bIsFyt"
    >
      React
    </div>
    <div
      class="sc-bwzfXH bIsFyt"
    >
      GatsbyJS
    </div>
  </div>
</DocumentFragment>
`;
