// Jest Snapshot v1, https://goo.gl/fbAQLP

exports[`<TechStackTagListing /> should render 1`] = `
<DocumentFragment>
  .c0 {
  margin: .5em auto;
}

.c1 {
  display: inline-block;
  color: white;
  font-size: .8rem;
  font-weight: bolder;
  padding: .2rem .5rem;
  margin: .2rem .2rem;
}

<div
    class="c0"
  >
    <span>
      Tech Tags:
    </span>
    <div
      class="c1"
    >
      React
    </div>
    <div
      class="c1"
    >
      GatsbyJS
    </div>
  </div>
</DocumentFragment>
`;
