// Jest Snapshot v1, https://goo.gl/fbAQLP

exports[`<TableOfContents /> should render 1`] = `
<DocumentFragment>
  <div
    class="sc-htpNat kQuaxz"
  >
    <h4
      class="sc-bxivhb eBNJKg"
    >
      Outline
    </h4>
    <button
      class="sc-bdVaJa eSxrIN"
    >
      Back to Top
    </button>
  </div>
  <ul
    class="sc-bwzfXH hovirx"
    id="static-toc"
  >
    <div>
      <a
        class="sc-ifAKCX fzfpPT"
      >
        <li>
          Introduction
        </li>
      </a>
    </div>
    <div>
      <a
        class="sc-ifAKCX fzfpPT"
      >
        <li>
          The Basics
        </li>
      </a>
      <ul
        class="sc-bwzfXH hovirx"
        id="static-toc"
      >
        <div>
          <a
            class="sc-ifAKCX fzfpPT"
          >
            <li>
              State Management (Redux)
            </li>
          </a>
        </div>
        <div>
          <a
            class="sc-ifAKCX fzfpPT"
          >
            <li>
              Context API
            </li>
          </a>
        </div>
      </ul>
    </div>
    <div>
      <a
        class="sc-ifAKCX fzfpPT"
      >
        <li>
          Manage Global State in React Hooks
        </li>
      </a>
    </div>
    <div>
      <a
        class="sc-ifAKCX fzfpPT"
      >
        <li>
          Middleware: Logger
        </li>
      </a>
    </div>
  </ul>
</DocumentFragment>
`;
