// Jest Snapshot v1, https://goo.gl/fbAQLP

exports[`<TableOfContents /> should render 1`] = `
<DocumentFragment>
  <div
    class="sc-bwzfXH jFCYEt"
  >
    <h4
      class="sc-htpNat hHtpcc"
    >
      Outline
    </h4>
    <a
      class="sc-ifAKCX dutTtV"
      href="#"
    >
      <span>
        Top
      </span>
      <svg
        aria-hidden="true"
        class="svg-inline--fa fa-arrow-alt-circle-up fa-w-16 "
        data-icon="arrow-alt-circle-up"
        data-prefix="fas"
        focusable="false"
        role="img"
        viewBox="0 0 512 512"
        xmlns="http://www.w3.org/2000/svg"
      >
        <path
          d="M8 256C8 119 119 8 256 8s248 111 248 248-111 248-248 248S8 393 8 256zm292 116V256h70.9c10.7 0 16.1-13 8.5-20.5L264.5 121.2c-4.7-4.7-12.2-4.7-16.9 0l-115 114.3c-7.6 7.6-2.2 20.5 8.5 20.5H212v116c0 6.6 5.4 12 12 12h64c6.6 0 12-5.4 12-12z"
          fill="currentColor"
        />
      </svg>
    </a>
  </div>
  <ul
    class="sc-bdVaJa cSwstg"
    id="static-toc"
  >
    <div>
      <a
        class="sc-bxivhb lmzons"
        href="#introduction"
      >
        <li>
          Introduction
        </li>
      </a>
    </div>
    <div>
      <a
        class="sc-bxivhb lmzons"
        href="#the-basics"
      >
        <li>
          The Basics
        </li>
      </a>
      <ul
        class="sc-bdVaJa cSwstg"
        id="static-toc"
      >
        <div>
          <a
            class="sc-bxivhb lmzons"
            href="#state-management-redux"
          >
            <li>
              State Management (Redux)
            </li>
          </a>
        </div>
        <div>
          <a
            class="sc-bxivhb lmzons"
            href="#context-api"
          >
            <li>
              Context API
            </li>
          </a>
        </div>
      </ul>
    </div>
    <div>
      <a
        class="sc-bxivhb lmzons"
        href="#manage-global-state-in-react-hooks"
      >
        <li>
          Manage Global State in React Hooks
        </li>
      </a>
    </div>
    <div>
      <a
        class="sc-bxivhb lmzons"
        href="#middleware-logger"
      >
        <li>
          Middleware: Logger
        </li>
      </a>
    </div>
  </ul>
</DocumentFragment>
`;
