// Jest Snapshot v1, https://goo.gl/fbAQLP

exports[`<TagGroup /> should render 1`] = `
<DocumentFragment>
  <div
    class="[object Object] sc-bdVaJa fdxsEr"
  >
    <span
      role="link"
      tabindex="0"
    >
      Experience
      <span>
        1
      </span>
    </span>
    <span
      role="link"
      tabindex="0"
    >
      Guide
      <span>
        2
      </span>
    </span>
  </div>
</DocumentFragment>
`;
