// Jest Snapshot v1, https://goo.gl/fbAQLP

exports[`<TagGroup /> should render 1`] = `
<DocumentFragment>
  .c0 {
  display: -webkit-box;
  display: -webkit-flex;
  display: -ms-flexbox;
  display: flex;
  -webkit-flex-wrap: wrap;
  -ms-flex-wrap: wrap;
  flex-wrap: wrap;
}

.c1 {
  padding: .2rem .5rem;
  margin-right: .5rem;
  margin-top: .25rem;
  font-weight: bolder;
  font-size: .8rem;
}

.c1:hover {
  cursor: pointer;
}

.c2 {
  margin-left: 1em;
}

<div
    class="c0"
  >
    <span
      class="c1"
      role="link"
      tabindex="0"
    >
      Experience
      <span
        class="c2"
      >
        1
      </span>
    </span>
    <span
      class="c1"
      role="link"
      tabindex="0"
    >
      Guide
      <span
        class="c2"
      >
        2
      </span>
    </span>
  </div>
</DocumentFragment>
`;
