// Jest Snapshot v1, https://goo.gl/fbAQLP

exports[`BlogPost should render 1`] = `
<DocumentFragment>
  <div
    class="sc-htpNat faJHDz"
  >
    <div
      class="sc-bwzfXH bmdiOC"
    >
      <a
        aria-label="See Home"
        href="/"
      >
        <div
          class=" gatsby-image-wrapper"
          style="position: relative; overflow: hidden; width: 3em;"
        >
          <div
            style="width: 100%; padding-bottom: 100%;"
          />
          <picture>
            <source
              sizes=""
              srcset=""
            />
            <img
              alt="Ortmesh logo"
              src=""
              style="position: absolute; top: 0px; left: 0px; width: 100%; height: 100%; object-fit: cover; object-position: center; opacity: 0; transition: opacity 0.5s;"
            />
          </picture>
          <noscript>
            &lt;picture&gt;&lt;img src="" alt="Ortmesh logo" style="position:absolute;top:0;left:0;transition:opacity 0.5s;transition-delay:0.5s;opacity:1;width:100%;height:100%;object-fit:cover;object-position:center"/&gt;&lt;/picture&gt;
          </noscript>
        </div>
      </a>
      <a
        href="/"
      >
        <h2>
          Ortmesh
        </h2>
        <p>
          Write code that matters
        </p>
      </a>
      <button
        class="sc-bdVaJa jCUGPA"
      >
        About
      </button>
    </div>
    <div
      class="[object Object] sc-EHOje inCCSA"
    >
      <div
        class="post-summary"
      >
        <h1>
          State Management using React Hooks
        </h1>
        <span>
          02 May, 2019 - 4 min read - 
          <span
            class="disqus-comment-count"
            data-disqus-identifier="5f2933ac-25ed-5ae0-84d7-c5d59fc4448e"
            data-disqus-url="http://ortmesh.com/state-management-react-hooks/"
          >
            Comments
          </span>
        </span>
        <p>
          I was learning about the new React Hooks, when I came across a blog post that claims to build state management, like Redux, using React Hooks. I decided to try it out and found it surprisingly simple and effective.
        </p>
        <div
          class="sc-bxivhb fXNsAS"
        >
          <span
            role="link"
            tabindex="0"
          >
            React X
          </span>
          <span
            role="link"
            tabindex="0"
          >
            Angular X
          </span>
        </div>
      </div>
      <br />
      <div>
        <div
          class="sc-ifAKCX bZyvYn"
        >
          <h4>
            Outline
          </h4>
          <div />
        </div>
        <div>
          <p>
            This is blog content 102
          </p>
        </div>
        <br />
        <div
          id="disqus_thread"
        />
      </div>
    </div>
  </div>
</DocumentFragment>
`;
